../Drivers/CMSIS/Include/core_cm4.h:2064:26:ITM_SendChar	16	static,ignoring_inline_asm
../Core/Src/main.c:93:6:decodeMorseSound	24	static
../Core/Src/main.c:102:6:decodeMorseString	144	static
../Core/Src/main.c:129:6:checkSoundIntensity	24	static
../Core/Src/main.c:167:5:main	40	static
../Core/Src/main.c:250:6:SystemClock_Config	88	static
../Core/Src/main.c:297:13:MX_ADC1_Init	24	static
../Core/Src/main.c:349:13:MX_CAN1_Init	8	static
../Core/Src/main.c:386:13:MX_USART2_UART_Init	8	static
../Core/Src/main.c:419:13:MX_GPIO_Init	48	static
../Core/Src/main.c:465:6:Error_Handler	4	static,ignoring_inline_asm
